146,250 equal pairs (second full parse and overlay) in Cathedralist's Landscapes.esp, ccafdsse001-dwesanctuary.esm, ccasvsse001-almsivi.esm, ccbgssse001-fish.esm, ccbgssse002-exoticarrows.esl, ccbgssse003-zombies.esl, ccbgssse004-ruinsedge.esl, ccbgssse005-goldbrand.esl, ccbgssse006-stendarshammer.esl, ccbgssse007-chrysamere.esl, ccbgssse008-wraithguard.esl, ccbgssse010-petdwarvenarmoredmudcrab.esl, ccbgssse011-hrsarmrelvn.esl, ccbgssse012-hrsarmrstl.esl, ccbgssse013-dawnfang.esl, ccbgssse014-spellpack01.esl, ccbgssse016-umbra.esm, ccbgssse018-shadowrend.esl, ccbgssse019-staffofsheogorath.esl, ccbgssse020-graycowl.esl, ccbgssse021-lordsmail.esl, ccbgssse025-advdsgs.esm, ccbgssse031-advcyrus.esm, ccbgssse034-mntuni.esl, ccbgssse035-petnhound.esl, ccbgssse036-petbwolf.esl, ccbgssse037-curios.esl, ccbgssse038-bowofshadows.esl, ccbgssse040-advobgobs.esl, ccbgssse041-netchleather.esl, ccbgssse043-crosselv.esl, ccbgssse045-hasedoki.esl, ccbgssse050-ba_daedric.esl, ccbgssse051-ba_daedricmail.esl, ccbgssse052-ba_iron.esl, ccbgssse053-ba_leather.esl, ccbgssse054-ba_orcish.esl, ccbgssse055-ba_orcishscaled.esl, ccbgssse056-ba_silver.esl, ccbgssse057-ba_stalhrim.esl, ccbgssse058-ba_steel.esl, ccbgssse059-ba_dragonplate.esl, ccbgssse060-ba_dragonscale.esl, ccbgssse061-ba_dwarven.esl, ccbgssse062-ba_dwarvenmail.esl, ccbgssse063-ba_ebony.esl, ccbgssse064-ba_elven.esl, ccbgssse066-staves.esl, ccbgssse067-daedinv.esm, ccbgssse068-bloodfall.esl, ccbgssse069-contest.esl, cccbhsse001-gaunt.esl, ccedhsse001-norjewel.esl, ccedhsse002-splkntset.esl, ccedhsse003-redguard.esl, cceejsse001-hstead.esm, cceejsse002-tower.esl, cceejsse003-hollow.esl, cceejsse004-hall.esl, cceejsse005-cave.esm, ccffbsse001-imperialdragon.esl, ccffbsse002-crossbowpack.esl, ccfsvsse001-backpacks.esl, cckrtsse001_altar.esl, ccmtysse001-knightsofthenine.esl, ccmtysse002-ve.esl, ccpewsse002-armsofchaos.esl, ccqdrsse001-survivalmode.esl, ccqdrsse002-firewood.esl, ccrmssse001-necrohouse.esl, cctwbsse001-puzzledungeon.esm, ccvsvsse001-winter.esl, ccvsvsse002-pets.esl, ccvsvsse003-necroarts.esl, ccvsvsse004-beafarmer.esl, Nahlfrod Grass.esp, _ResourcePack.esl; hash differs: Activator 60, Ammunition 42, Armor 138, BodyPartData 2, Book 790, Cell 2796, Class 6, Climate 2, ConstructibleObject 2200, Container 210, DefaultObjectManager 2, DialogResponses 1984, DialogTopic 1338, DialogView 4, Door 2, Faction 212, Flora 42, FootstepSet 10, FormList 496, Furniture 114, Grass 108, HeadPart 18, IdleMarker 4, ImageSpaceAdapter 94, ImpactDataSet 98, Ingestible 392, Ingredient 152, Key 70, Landscape 438, LandscapeTexture 114, LeveledItem 692, LeveledNpc 108, LeveledSpell 4, LoadScreen 52, Location 104, MagicEffect 1112, MaterialObject 52, Message 668, MiscItem 294, MoveableStatic 38, MusicTrack 12, MusicType 2, NavigationMesh 476, NavigationMeshInfoMap 48, Npc 1512, ObjectEffect 378, Outfit 284, Package 400, Perk 130, PlacedNpc 2644, PlacedObject 115706, Projectile 2, Quest 410, Region 4, Scene 40, Scroll 16, Shout 4, SoulGem 10, SoundDescriptor 294, Spell 688, Static 2452, StoryManagerQuestNode 10, Tree 56, Water 8, Weapon 1116, Weather 4, Worldspace 166
HASH|base-all|Activator|60
HASH|base-all|Ammunition|42
HASH|base-all|Armor|138
HASH|base-all|BodyPartData|2
HASH|base-all|Book|790
HASH|base-all|Cell|2796
HASH|base-all|Class|6
HASH|base-all|Climate|2
HASH|base-all|ConstructibleObject|2200
HASH|base-all|Container|210
HASH|base-all|DefaultObjectManager|2
HASH|base-all|DialogResponses|1984
HASH|base-all|DialogTopic|1338
HASH|base-all|DialogView|4
HASH|base-all|Door|2
HASH|base-all|Faction|212
HASH|base-all|Flora|42
HASH|base-all|FootstepSet|10
HASH|base-all|FormList|496
HASH|base-all|Furniture|114
HASH|base-all|Grass|108
HASH|base-all|HeadPart|18
HASH|base-all|IdleMarker|4
HASH|base-all|ImageSpaceAdapter|94
HASH|base-all|ImpactDataSet|98
HASH|base-all|Ingestible|392
HASH|base-all|Ingredient|152
HASH|base-all|Key|70
HASH|base-all|Landscape|438
HASH|base-all|LandscapeTexture|114
HASH|base-all|LeveledItem|692
HASH|base-all|LeveledNpc|108
HASH|base-all|LeveledSpell|4
HASH|base-all|LoadScreen|52
HASH|base-all|Location|104
HASH|base-all|MagicEffect|1112
HASH|base-all|MaterialObject|52
HASH|base-all|Message|668
HASH|base-all|MiscItem|294
HASH|base-all|MoveableStatic|38
HASH|base-all|MusicTrack|12
HASH|base-all|MusicType|2
HASH|base-all|NavigationMesh|476
HASH|base-all|NavigationMeshInfoMap|48
HASH|base-all|Npc|1512
HASH|base-all|ObjectEffect|378
HASH|base-all|Outfit|284
HASH|base-all|Package|400
HASH|base-all|Perk|130
HASH|base-all|PlacedNpc|2644
HASH|base-all|PlacedObject|115706
HASH|base-all|Projectile|2
HASH|base-all|Quest|410
HASH|base-all|Region|4
HASH|base-all|Scene|40
HASH|base-all|Scroll|16
HASH|base-all|Shout|4
HASH|base-all|SoulGem|10
HASH|base-all|SoundDescriptor|294
HASH|base-all|Spell|688
HASH|base-all|Static|2452
HASH|base-all|StoryManagerQuestNode|10
HASH|base-all|Tree|56
HASH|base-all|Water|8
HASH|base-all|Weapon|1116
HASH|base-all|Weather|4
HASH|base-all|Worldspace|166
HASH|base-all|(equal pairs)|146250
148,640 equal pairs (second full parse and overlay) in Cathedralist's Landscapes.esp, ccafdsse001-dwesanctuary.esm, ccasvsse001-almsivi.esm, ccbgssse001-fish.esm, ccbgssse002-exoticarrows.esl, ccbgssse003-zombies.esl, ccbgssse004-ruinsedge.esl, ccbgssse005-goldbrand.esl, ccbgssse006-stendarshammer.esl, ccbgssse007-chrysamere.esl, ccbgssse008-wraithguard.esl, ccbgssse010-petdwarvenarmoredmudcrab.esl, ccbgssse011-hrsarmrelvn.esl, ccbgssse012-hrsarmrstl.esl, ccbgssse013-dawnfang.esl, ccbgssse014-spellpack01.esl, ccbgssse016-umbra.esm, ccbgssse018-shadowrend.esl, ccbgssse019-staffofsheogorath.esl, ccbgssse020-graycowl.esl, ccbgssse021-lordsmail.esl, ccbgssse025-advdsgs.esm, ccbgssse031-advcyrus.esm, ccbgssse034-mntuni.esl, ccbgssse035-petnhound.esl, ccbgssse036-petbwolf.esl, ccbgssse037-curios.esl, ccbgssse038-bowofshadows.esl, ccbgssse040-advobgobs.esl, ccbgssse041-netchleather.esl, ccbgssse043-crosselv.esl, ccbgssse045-hasedoki.esl, ccbgssse050-ba_daedric.esl, ccbgssse051-ba_daedricmail.esl, ccbgssse052-ba_iron.esl, ccbgssse053-ba_leather.esl, ccbgssse054-ba_orcish.esl, ccbgssse055-ba_orcishscaled.esl, ccbgssse056-ba_silver.esl, ccbgssse057-ba_stalhrim.esl, ccbgssse058-ba_steel.esl, ccbgssse059-ba_dragonplate.esl, ccbgssse060-ba_dragonscale.esl, ccbgssse061-ba_dwarven.esl, ccbgssse062-ba_dwarvenmail.esl, ccbgssse063-ba_ebony.esl, ccbgssse064-ba_elven.esl, ccbgssse066-staves.esl, ccbgssse067-daedinv.esm, ccbgssse068-bloodfall.esl, ccbgssse069-contest.esl, cccbhsse001-gaunt.esl, ccedhsse001-norjewel.esl, ccedhsse002-splkntset.esl, ccedhsse003-redguard.esl, cceejsse001-hstead.esm, cceejsse002-tower.esl, cceejsse003-hollow.esl, cceejsse004-hall.esl, cceejsse005-cave.esm, ccffbsse001-imperialdragon.esl, ccffbsse002-crossbowpack.esl, ccfsvsse001-backpacks.esl, cckrtsse001_altar.esl, ccmtysse001-knightsofthenine.esl, ccmtysse002-ve.esl, ccpewsse002-armsofchaos.esl, ccqdrsse001-survivalmode.esl, ccqdrsse002-firewood.esl, ccrmssse001-necrohouse.esl, cctwbsse001-puzzledungeon.esm, ccvsvsse001-winter.esl, ccvsvsse002-pets.esl, ccvsvsse003-necroarts.esl, ccvsvsse004-beafarmer.esl, Nahlfrod Grass.esp, _ResourcePack.esl; hash differs: never
HASH|combined-all|(equal pairs)|148640
