2,329,771 equal pairs (second full parse and overlay) in Skyrim.esm, Update.esm, Dawnguard.esm, HearthFires.esm, Dragonborn.esm; hash differs: Activator 1570, ActorValueInformation 306, Ammunition 116, Armor 542, BodyPartData 98, Book 2072, CameraPath 422, Cell 153364, Class 318, Climate 18, CollisionLayer 108, CombatStyle 1, ConstructibleObject 2774, Container 962, Debris 12, DefaultObjectManager 10, DialogResponses 82371, DialogTopic 39685, DialogView 3030, Door 22, EquipType 6, Faction 2798, Flora 216, FootstepSet 110, FormList 2068, Furniture 1034, Grass 116, HeadPart 1614, IdleAnimation 8740, IdleMarker 180, ImageSpace 4, ImageSpaceAdapter 528, ImpactDataSet 678, Ingestible 886, Ingredient 232, Key 742, Landscape 108146, LandscapeTexture 212, LeveledItem 7646, LeveledNpc 1362, LeveledSpell 66, LoadScreen 708, Location 1658, MagicEffect 3266, MaterialObject 102, Message 1888, MiscItem 1108, MoveableStatic 218, MusicTrack 232, MusicType 148, NavigationMesh 39848, NavigationMeshInfoMap 10, Npc 13050, ObjectEffect 1504, Outfit 1220, Package 10111, Perk 1046, PlacedNpc 25956, PlacedObject 1720526, Projectile 86, Quest 4466, Region 778, Scene 4282, Scroll 204, Shout 234, SoulGem 32, SoundDescriptor 6520, SoundMarker 1318, SoundOutputModel 160, Spell 2880, Static 12685, StoryManagerQuestNode 1070, Tree 534, Water 180, Weapon 6568, Weather 353, Worldspace 154
HASH|base|Activator|1570
HASH|base|ActorValueInformation|306
HASH|base|Ammunition|116
HASH|base|Armor|542
HASH|base|BodyPartData|98
HASH|base|Book|2072
HASH|base|CameraPath|422
HASH|base|Cell|153364
HASH|base|Class|318
HASH|base|Climate|18
HASH|base|CollisionLayer|108
HASH|base|CombatStyle|1
HASH|base|ConstructibleObject|2774
HASH|base|Container|962
HASH|base|Debris|12
HASH|base|DefaultObjectManager|10
HASH|base|DialogResponses|82371
HASH|base|DialogTopic|39685
HASH|base|DialogView|3030
HASH|base|Door|22
HASH|base|EquipType|6
HASH|base|Faction|2798
HASH|base|Flora|216
HASH|base|FootstepSet|110
HASH|base|FormList|2068
HASH|base|Furniture|1034
HASH|base|Grass|116
HASH|base|HeadPart|1614
HASH|base|IdleAnimation|8740
HASH|base|IdleMarker|180
HASH|base|ImageSpace|4
HASH|base|ImageSpaceAdapter|528
HASH|base|ImpactDataSet|678
HASH|base|Ingestible|886
HASH|base|Ingredient|232
HASH|base|Key|742
HASH|base|Landscape|108146
HASH|base|LandscapeTexture|212
HASH|base|LeveledItem|7646
HASH|base|LeveledNpc|1362
HASH|base|LeveledSpell|66
HASH|base|LoadScreen|708
HASH|base|Location|1658
HASH|base|MagicEffect|3266
HASH|base|MaterialObject|102
HASH|base|Message|1888
HASH|base|MiscItem|1108
HASH|base|MoveableStatic|218
HASH|base|MusicTrack|232
HASH|base|MusicType|148
HASH|base|NavigationMesh|39848
HASH|base|NavigationMeshInfoMap|10
HASH|base|Npc|13050
HASH|base|ObjectEffect|1504
HASH|base|Outfit|1220
HASH|base|Package|10111
HASH|base|Perk|1046
HASH|base|PlacedNpc|25956
HASH|base|PlacedObject|1720526
HASH|base|Projectile|86
HASH|base|Quest|4466
HASH|base|Region|778
HASH|base|Scene|4282
HASH|base|Scroll|204
HASH|base|Shout|234
HASH|base|SoulGem|32
HASH|base|SoundDescriptor|6520
HASH|base|SoundMarker|1318
HASH|base|SoundOutputModel|160
HASH|base|Spell|2880
HASH|base|Static|12685
HASH|base|StoryManagerQuestNode|1070
HASH|base|Tree|534
HASH|base|Water|180
HASH|base|Weapon|6568
HASH|base|Weather|353
HASH|base|Worldspace|154
HASH|base|(equal pairs)|2329771
2,329,848 equal pairs (second full parse and overlay) in Skyrim.esm, Update.esm, Dawnguard.esm, HearthFires.esm, Dragonborn.esm; hash differs: never
HASH|fix-content-equality|(equal pairs)|2329848
2,329,771 equal pairs (second full parse and overlay) in Skyrim.esm, Update.esm, Dawnguard.esm, HearthFires.esm, Dragonborn.esm; hash differs: Activator 1570, ActorValueInformation 306, Ammunition 116, Armor 542, BodyPartData 98, Book 2072, CameraPath 422, Cell 153364, Class 318, Climate 18, CollisionLayer 108, CombatStyle 1, ConstructibleObject 2774, Container 962, Debris 12, DefaultObjectManager 10, DialogResponses 82371, DialogTopic 39685, DialogView 3030, Door 22, EquipType 6, Faction 2798, Flora 216, FootstepSet 110, FormList 2068, Furniture 1034, Grass 116, HeadPart 1614, IdleAnimation 8740, IdleMarker 180, ImageSpace 4, ImageSpaceAdapter 528, ImpactDataSet 678, Ingestible 886, Ingredient 232, Key 742, Landscape 108146, LandscapeTexture 212, LeveledItem 7646, LeveledNpc 1362, LeveledSpell 66, LoadScreen 708, Location 1658, MagicEffect 3266, MaterialObject 102, Message 1888, MiscItem 1108, MoveableStatic 218, MusicTrack 232, MusicType 148, NavigationMesh 39848, NavigationMeshInfoMap 10, Npc 13050, ObjectEffect 1504, Outfit 1220, Package 10111, Perk 1046, PlacedNpc 25956, PlacedObject 1720526, Projectile 86, Quest 4466, Region 778, Scene 4282, Scroll 204, Shout 234, SoulGem 32, SoundDescriptor 6520, SoundMarker 1318, SoundOutputModel 160, Spell 2880, Static 12685, StoryManagerQuestNode 1070, Tree 534, Water 180, Weapon 6568, Weather 353, Worldspace 154
HASH|fix-overlay-float-epsilon|Activator|1570
HASH|fix-overlay-float-epsilon|ActorValueInformation|306
HASH|fix-overlay-float-epsilon|Ammunition|116
HASH|fix-overlay-float-epsilon|Armor|542
HASH|fix-overlay-float-epsilon|BodyPartData|98
HASH|fix-overlay-float-epsilon|Book|2072
HASH|fix-overlay-float-epsilon|CameraPath|422
HASH|fix-overlay-float-epsilon|Cell|153364
HASH|fix-overlay-float-epsilon|Class|318
HASH|fix-overlay-float-epsilon|Climate|18
HASH|fix-overlay-float-epsilon|CollisionLayer|108
HASH|fix-overlay-float-epsilon|CombatStyle|1
HASH|fix-overlay-float-epsilon|ConstructibleObject|2774
HASH|fix-overlay-float-epsilon|Container|962
HASH|fix-overlay-float-epsilon|Debris|12
HASH|fix-overlay-float-epsilon|DefaultObjectManager|10
HASH|fix-overlay-float-epsilon|DialogResponses|82371
HASH|fix-overlay-float-epsilon|DialogTopic|39685
HASH|fix-overlay-float-epsilon|DialogView|3030
HASH|fix-overlay-float-epsilon|Door|22
HASH|fix-overlay-float-epsilon|EquipType|6
HASH|fix-overlay-float-epsilon|Faction|2798
HASH|fix-overlay-float-epsilon|Flora|216
HASH|fix-overlay-float-epsilon|FootstepSet|110
HASH|fix-overlay-float-epsilon|FormList|2068
HASH|fix-overlay-float-epsilon|Furniture|1034
HASH|fix-overlay-float-epsilon|Grass|116
HASH|fix-overlay-float-epsilon|HeadPart|1614
HASH|fix-overlay-float-epsilon|IdleAnimation|8740
HASH|fix-overlay-float-epsilon|IdleMarker|180
HASH|fix-overlay-float-epsilon|ImageSpace|4
HASH|fix-overlay-float-epsilon|ImageSpaceAdapter|528
HASH|fix-overlay-float-epsilon|ImpactDataSet|678
HASH|fix-overlay-float-epsilon|Ingestible|886
HASH|fix-overlay-float-epsilon|Ingredient|232
HASH|fix-overlay-float-epsilon|Key|742
HASH|fix-overlay-float-epsilon|Landscape|108146
HASH|fix-overlay-float-epsilon|LandscapeTexture|212
HASH|fix-overlay-float-epsilon|LeveledItem|7646
HASH|fix-overlay-float-epsilon|LeveledNpc|1362
HASH|fix-overlay-float-epsilon|LeveledSpell|66
HASH|fix-overlay-float-epsilon|LoadScreen|708
HASH|fix-overlay-float-epsilon|Location|1658
HASH|fix-overlay-float-epsilon|MagicEffect|3266
HASH|fix-overlay-float-epsilon|MaterialObject|102
HASH|fix-overlay-float-epsilon|Message|1888
HASH|fix-overlay-float-epsilon|MiscItem|1108
HASH|fix-overlay-float-epsilon|MoveableStatic|218
HASH|fix-overlay-float-epsilon|MusicTrack|232
HASH|fix-overlay-float-epsilon|MusicType|148
HASH|fix-overlay-float-epsilon|NavigationMesh|39848
HASH|fix-overlay-float-epsilon|NavigationMeshInfoMap|10
HASH|fix-overlay-float-epsilon|Npc|13050
HASH|fix-overlay-float-epsilon|ObjectEffect|1504
HASH|fix-overlay-float-epsilon|Outfit|1220
HASH|fix-overlay-float-epsilon|Package|10111
HASH|fix-overlay-float-epsilon|Perk|1046
HASH|fix-overlay-float-epsilon|PlacedNpc|25956
HASH|fix-overlay-float-epsilon|PlacedObject|1720526
HASH|fix-overlay-float-epsilon|Projectile|86
HASH|fix-overlay-float-epsilon|Quest|4466
HASH|fix-overlay-float-epsilon|Region|778
HASH|fix-overlay-float-epsilon|Scene|4282
HASH|fix-overlay-float-epsilon|Scroll|204
HASH|fix-overlay-float-epsilon|Shout|234
HASH|fix-overlay-float-epsilon|SoulGem|32
HASH|fix-overlay-float-epsilon|SoundDescriptor|6520
HASH|fix-overlay-float-epsilon|SoundMarker|1318
HASH|fix-overlay-float-epsilon|SoundOutputModel|160
HASH|fix-overlay-float-epsilon|Spell|2880
HASH|fix-overlay-float-epsilon|Static|12685
HASH|fix-overlay-float-epsilon|StoryManagerQuestNode|1070
HASH|fix-overlay-float-epsilon|Tree|534
HASH|fix-overlay-float-epsilon|Water|180
HASH|fix-overlay-float-epsilon|Weapon|6568
HASH|fix-overlay-float-epsilon|Weather|353
HASH|fix-overlay-float-epsilon|Worldspace|154
HASH|fix-overlay-float-epsilon|(equal pairs)|2329771
2,357,086 equal pairs (second full parse and overlay) in Skyrim.esm, Update.esm, Dawnguard.esm, HearthFires.esm, Dragonborn.esm; hash differs: never
HASH|combined|(equal pairs)|2357086
